// Jest Snapshot v1, https://goo.gl/fbAQLP

exports[`renders CryptoList Component correctly 1`] = `
<div
  className="container"
>
  <div
    className="row border headline"
    style={
      Object {
        "boxShadow": "rgba(0, 0, 0, 0.24) 0px 3px 8px",
      }
    }
  >
    <div
      className="col"
      style={
        Object {
          "height": "200px",
        }
      }
    >
      <img
        alt="CRYPTO"
        className="img-fluid"
        src="cryptos.png"
        style={
          Object {
            "height": "100%",
            "width": "100%",
          }
        }
      />
    </div>
    <div
      className="col d-flex justify-content-center align-items-center border-start"
    >
      <div
        className="div"
      >
        <h4>
          CRYPTO METRICS
        </h4>
        <p
          className="fw-normal"
        >
           
          0 cryptocurrencies
        </p>
      </div>
    </div>
  </div>
  <div
    className="row pt-4 pb-4 container fw-normal"
  >
    <div
      className="col"
    >
       
      <input
        className="form-control"
        name="search"
        onChange={[Function]}
        placeholder="Type name or price value..."
        type="search"
      />
    </div>
    <div
      className="col"
    >
      <button
        className="btn btn-outline-light"
        type="button"
      >
        Search
      </button>
    </div>
  </div>
  <div
    className="grid-tmp"
  />
</div>
`;
