// Jest Snapshot v1, https://goo.gl/fbAQLP

exports[`renders CryptoDetails Component correctly 1`] = `
<div
  className="container text-white"
>
  <div
    className="row border headline"
    style={
      Object {
        "boxShadow": "rgba(0, 0, 0, 0.24) 0px 3px 8px",
      }
    }
  >
    <div
      className="col"
      style={
        Object {
          "height": "200px",
        }
      }
    >
      <img
        alt="CRYPTO"
        className="img-fluid"
        src="cryptos.png"
        style={
          Object {
            "height": "100%",
            "width": "100%",
          }
        }
      />
    </div>
    <div
      className="col d-flex justify-content-center align-items-center border-start"
    >
      <div
        className="div"
      >
        <h4 />
        <p
          className="fw-normal"
        >
           
          undefined usd
        </p>
      </div>
    </div>
  </div>
  <div
    className="row pt-3 pb-3 container fw-normal"
  >
    PRIMARY INFORMATION:
  </div>
  <table
    className="table table-striped"
  >
    <tbody>
      <tr>
        <td
          style={
            Object {
              "border": "2px solid white",
              "width": "60%",
            }
          }
        >
          Name
        </td>
        <td
          style={
            Object {
              "border": "2px solid white",
              "width": "20%",
            }
          }
        />
        <td
          style={
            Object {
              "border": "2px solid white",
              "width": "10%",
            }
          }
        >
          <a
            style={
              Object {
                "color": "#FFF",
              }
            }
          >
            <svg
              fill="currentColor"
              height="1em"
              stroke="currentColor"
              strokeWidth="0"
              style={
                Object {
                  "color": undefined,
                }
              }
              viewBox="0 0 16 16"
              width="1em"
              xmlns="http://www.w3.org/2000/svg"
            >
              <path
                d="M8 0a8 8 0 1 1 0 16A8 8 0 0 1 8 0zM4.5 7.5a.5.5 0 0 0 0 1h5.793l-2.147 2.146a.5.5 0 0 0 .708.708l3-3a.5.5 0 0 0 0-.708l-3-3a.5.5 0 1 0-.708.708L10.293 7.5H4.5z"
              />
            </svg>
          </a>
        </td>
      </tr>
      <tr>
        <td
          style={
            Object {
              "border": "2px solid white",
              "width": "60%",
            }
          }
        >
          Rank
        </td>
        <td
          style={
            Object {
              "border": "2px solid white",
              "width": "20%",
            }
          }
        />
        <td
          style={
            Object {
              "border": "2px solid white",
              "width": "10%",
            }
          }
        >
          <a
            style={
              Object {
                "color": "#FFF",
              }
            }
          >
            <svg
              fill="currentColor"
              height="1em"
              stroke="currentColor"
              strokeWidth="0"
              style={
                Object {
                  "color": undefined,
                }
              }
              viewBox="0 0 16 16"
              width="1em"
              xmlns="http://www.w3.org/2000/svg"
            >
              <path
                d="M8 0a8 8 0 1 1 0 16A8 8 0 0 1 8 0zM4.5 7.5a.5.5 0 0 0 0 1h5.793l-2.147 2.146a.5.5 0 0 0 .708.708l3-3a.5.5 0 0 0 0-.708l-3-3a.5.5 0 1 0-.708.708L10.293 7.5H4.5z"
              />
            </svg>
          </a>
        </td>
      </tr>
      <tr>
        <td
          style={
            Object {
              "border": "2px solid white",
              "width": "60%",
            }
          }
        >
          Price
        </td>
        <td
          style={
            Object {
              "border": "2px solid white",
              "width": "20%",
            }
          }
        >
           usd
        </td>
        <td
          style={
            Object {
              "border": "2px solid white",
              "width": "10%",
            }
          }
        >
          <a
            style={
              Object {
                "color": "#FFF",
              }
            }
          >
            <svg
              fill="currentColor"
              height="1em"
              stroke="currentColor"
              strokeWidth="0"
              style={
                Object {
                  "color": undefined,
                }
              }
              viewBox="0 0 16 16"
              width="1em"
              xmlns="http://www.w3.org/2000/svg"
            >
              <path
                d="M8 0a8 8 0 1 1 0 16A8 8 0 0 1 8 0zM4.5 7.5a.5.5 0 0 0 0 1h5.793l-2.147 2.146a.5.5 0 0 0 .708.708l3-3a.5.5 0 0 0 0-.708l-3-3a.5.5 0 1 0-.708.708L10.293 7.5H4.5z"
              />
            </svg>
          </a>
        </td>
      </tr>
      <tr>
        <td
          style={
            Object {
              "border": "2px solid white",
              "width": "60%",
            }
          }
        >
          changePercent24Hr
        </td>
        <td
          style={
            Object {
              "border": "2px solid white",
              "width": "20%",
            }
          }
        >
           usd
        </td>
        <td
          style={
            Object {
              "border": "2px solid white",
              "width": "10%",
            }
          }
        >
          <a
            style={
              Object {
                "color": "#FFF",
              }
            }
          >
            <svg
              fill="currentColor"
              height="1em"
              stroke="currentColor"
              strokeWidth="0"
              style={
                Object {
                  "color": undefined,
                }
              }
              viewBox="0 0 16 16"
              width="1em"
              xmlns="http://www.w3.org/2000/svg"
            >
              <path
                d="M8 0a8 8 0 1 1 0 16A8 8 0 0 1 8 0zM4.5 7.5a.5.5 0 0 0 0 1h5.793l-2.147 2.146a.5.5 0 0 0 .708.708l3-3a.5.5 0 0 0 0-.708l-3-3a.5.5 0 1 0-.708.708L10.293 7.5H4.5z"
              />
            </svg>
          </a>
        </td>
      </tr>
      <tr>
        <td
          style={
            Object {
              "border": "2px solid white",
              "width": "60%",
            }
          }
        >
          Symbol
        </td>
        <td
          style={
            Object {
              "border": "2px solid white",
              "width": "20%",
            }
          }
        />
        <td
          style={
            Object {
              "border": "2px solid white",
              "width": "10%",
            }
          }
        >
          <a
            style={
              Object {
                "color": "#FFF",
              }
            }
          >
            <svg
              fill="currentColor"
              height="1em"
              stroke="currentColor"
              strokeWidth="0"
              style={
                Object {
                  "color": undefined,
                }
              }
              viewBox="0 0 16 16"
              width="1em"
              xmlns="http://www.w3.org/2000/svg"
            >
              <path
                d="M8 0a8 8 0 1 1 0 16A8 8 0 0 1 8 0zM4.5 7.5a.5.5 0 0 0 0 1h5.793l-2.147 2.146a.5.5 0 0 0 .708.708l3-3a.5.5 0 0 0 0-.708l-3-3a.5.5 0 1 0-.708.708L10.293 7.5H4.5z"
              />
            </svg>
          </a>
        </td>
      </tr>
      <tr>
        <td
          style={
            Object {
              "border": "2px solid white",
              "width": "60%",
            }
          }
        >
          MarketCapUsd
        </td>
        <td
          style={
            Object {
              "border": "2px solid white",
              "width": "20%",
            }
          }
        />
        <td
          style={
            Object {
              "border": "2px solid white",
              "width": "10%",
            }
          }
        >
          <a
            style={
              Object {
                "color": "#FFF",
              }
            }
          >
            <svg
              fill="currentColor"
              height="1em"
              stroke="currentColor"
              strokeWidth="0"
              style={
                Object {
                  "color": undefined,
                }
              }
              viewBox="0 0 16 16"
              width="1em"
              xmlns="http://www.w3.org/2000/svg"
            >
              <path
                d="M8 0a8 8 0 1 1 0 16A8 8 0 0 1 8 0zM4.5 7.5a.5.5 0 0 0 0 1h5.793l-2.147 2.146a.5.5 0 0 0 .708.708l3-3a.5.5 0 0 0 0-.708l-3-3a.5.5 0 1 0-.708.708L10.293 7.5H4.5z"
              />
            </svg>
          </a>
        </td>
      </tr>
      <tr>
        <td
          style={
            Object {
              "border": "2px solid white",
              "width": "60%",
            }
          }
        >
          Supply
        </td>
        <td
          style={
            Object {
              "border": "2px solid white",
              "width": "20%",
            }
          }
        />
        <td
          style={
            Object {
              "border": "2px solid white",
              "width": "10%",
            }
          }
        >
          <a
            style={
              Object {
                "color": "#FFF",
              }
            }
          >
            <svg
              fill="currentColor"
              height="1em"
              stroke="currentColor"
              strokeWidth="0"
              style={
                Object {
                  "color": undefined,
                }
              }
              viewBox="0 0 16 16"
              width="1em"
              xmlns="http://www.w3.org/2000/svg"
            >
              <path
                d="M8 0a8 8 0 1 1 0 16A8 8 0 0 1 8 0zM4.5 7.5a.5.5 0 0 0 0 1h5.793l-2.147 2.146a.5.5 0 0 0 .708.708l3-3a.5.5 0 0 0 0-.708l-3-3a.5.5 0 1 0-.708.708L10.293 7.5H4.5z"
              />
            </svg>
          </a>
        </td>
      </tr>
      <tr>
        <td
          style={
            Object {
              "border": "2px solid white",
              "width": "60%",
            }
          }
        >
          MaxSupply
        </td>
        <td
          style={
            Object {
              "border": "2px solid white",
              "width": "20%",
            }
          }
        >
          N/A
        </td>
        <td
          style={
            Object {
              "border": "2px solid white",
              "width": "10%",
            }
          }
        >
          <a
            style={
              Object {
                "color": "#FFF",
              }
            }
          >
            <svg
              fill="currentColor"
              height="1em"
              stroke="currentColor"
              strokeWidth="0"
              style={
                Object {
                  "color": undefined,
                }
              }
              viewBox="0 0 16 16"
              width="1em"
              xmlns="http://www.w3.org/2000/svg"
            >
              <path
                d="M8 0a8 8 0 1 1 0 16A8 8 0 0 1 8 0zM4.5 7.5a.5.5 0 0 0 0 1h5.793l-2.147 2.146a.5.5 0 0 0 .708.708l3-3a.5.5 0 0 0 0-.708l-3-3a.5.5 0 1 0-.708.708L10.293 7.5H4.5z"
              />
            </svg>
          </a>
        </td>
      </tr>
    </tbody>
  </table>
</div>
`;
